#! /opt/homebrew/Cellar/icarus-verilog/13.0/bin/vvp
:ivl_version "13.0 (stable)" "(v13_0)";
:ivl_delay_selection "TYPICAL";
:vpi_time_precision + 0;
:vpi_module "/opt/homebrew/Cellar/icarus-verilog/13.0/lib/ivl/system.vpi";
:vpi_module "/opt/homebrew/Cellar/icarus-verilog/13.0/lib/ivl/vhdl_sys.vpi";
:vpi_module "/opt/homebrew/Cellar/icarus-verilog/13.0/lib/ivl/vhdl_textio.vpi";
:vpi_module "/opt/homebrew/Cellar/icarus-verilog/13.0/lib/ivl/v2005_math.vpi";
:vpi_module "/opt/homebrew/Cellar/icarus-verilog/13.0/lib/ivl/va_math.vpi";
S_0x105030730 .scope module, "test1" "test1" 2 1;
 .timescale 0 0;
S_0x1050308b0 .scope module, "test2" "test2" 2 7;
 .timescale 0 0;
    .scope S_0x105030730;
T_0 ;
    %vpi_call 2 3 "$display", "Hello from the Design Screen!" {0 0 0};
    %end;
    .thread T_0;
    .scope S_0x1050308b0;
T_1 ;
    %vpi_call 2 9 "$display", "Hello from the Testbench Screen!" {0 0 0};
    %end;
    .thread T_1;
# The file index is used to find the file name in the following table.
:file_names 3;
    "N/A";
    "<interactive>";
    "/tmp/test_comp.v";
